----- CLI crash report at 2026-10-02T15:59:49.387Z
Error Trace
LoginRequired: LoginRequired
    at <anonymous> (/Users/zairachrista/.npm/_npx/75dcc8e0e5613276/node_modules/@wix/cli/src/commands/whoami.tsx:18:17)
    at runCommand (/Users/zairachrista/.npm/_npx/75dcc8e0e5613276/node_modules/@wix/cli/src/commands/render-command.tsx:57:11)
    at _Command.<anonymous> (/Users/zairachrista/.npm/_npx/75dcc8e0e5613276/node_modules/@wix/cli/src/commands/whoami.tsx:17:15)
    at async _Command.parseAsync (/Users/zairachrista/.npm/_npx/75dcc8e0e5613276/node_modules/node_modules/commander/lib/command.js:1104:5)
    at async <anonymous> (/Users/zairachrista/.npm/_npx/75dcc8e0e5613276/node_modules/@wix/cli/src/index.tsx:119:25)
Error Info
{}
----- CLI crash report at 2026-10-02T16:01:04.837Z
Error Trace
FailedToRenewAuthToken: FailedToRenewAuthToken
    at AuthClient.renewToken (/Users/zairachrista/.npm/_npx/75dcc8e0e5613276/node_modules/@wix/cli-auth/src/client.ts:191:13)
    at process.processTicksAndRejections (node:internal/process/task_queues:104:5)
    at async renewSiteAuth (/Users/zairachrista/.npm/_npx/75dcc8e0e5613276/node_modules/@wix/cli-auth/src/auth-strategies/site-auth-strategy.ts:19:28)
    at async Object.<anonymous> (/Users/zairachrista/.npm/_npx/75dcc8e0e5613276/node_modules/@wix/cli-auth/src/auth-strategies/site-auth-strategy.ts:48:32)
    at async isLoggedIn (/Users/zairachrista/.npm/_npx/75dcc8e0e5613276/node_modules/@wix/cli-auth/src/auth-strategies/site-auth-strategy.ts:120:30)
caused by: Error: Request failed with status code 400
    at createHttpError (/Users/zairachrista/.npm/_npx/75dcc8e0e5613276/node_modules/node_modules/@wix/http-client/src/error.ts:54:10)
    at HttpClientNode.handleRequestError (/Users/zairachrista/.npm/_npx/75dcc8e0e5613276/node_modules/node_modules/@wix/http-client/src/http-client.ts:268:26)
    at HttpClientNode.request (/Users/zairachrista/.npm/_npx/75dcc8e0e5613276/node_modules/node_modules/@wix/http-client/src/http-client.ts:105:12)
    at process.processTicksAndRejections (node:internal/process/task_queues:104:5)
    at async RetryOperation._fn (/Users/zairachrista/.npm/_npx/75dcc8e0e5613276/node_modules/node_modules/p-retry/index.js:55:20)
Error Info
{}
Request Info
{
  "request": {
    "baseURL": "https://manage.wix.com",
    "url": "/oauth2/token",
    "method": "post",
    "headers": {
      "Accept": "application/json, text/plain, */*",
      "Content-Type": "application/json",
      "X-XSRF-TOKEN": "nocheck",
      "Cookie": "XSRF-TOKEN=nocheck",
      "User-Agent": "wix-cli",
      "Content-Length": 351
    },
    "data": "{\"clientId\":\"6f95cec8-3e98-48b9-b4e5-1fb92fcd9973\",\"grantType\":\"refresh_token\",\"refreshToken\":\"JWS.eyJraWQiOiJZSEJzdUpwSCIsImFsZyI6IkhTMjU2In0.eyJkYXRhIjoiXCIwNGQwNWZiMC05NTc0LTRiMDYtOTYyMS1lNDIxYmJmZTZiZDhcIiIsImlhdCI6MTc5MDk1NjgxOCwiZXhwIjoxODIyNDkyODE4fQ.6TiVnGC0cS7fLgf4ASsS6HY7-ZW62BEQGdMM1576ITk\",\"siteId\":\"5406b592-edea-4243-8ac5-487a3fc4a1fe\"}"
  },
  "response": {
    "message": "Request failed with status code 400",
    "status": 400,
    "headers": {
      "date": "Fri, 02 Oct 2026 16:01:04 GMT",
      "content-type": "application/json;charset=UTF-8",
      "content-length": "25",
      "x-wix-responded-by": "wix.identity.oauth.v1.refresh_token:Token:com.wixpress.identity.oauth2.oauth2-ng",
      "x-seen-by": "WD1HRWp6HtwVKpzxLkVT7rxkNjrXdwdgtu6E0yACibU=,Ua1iSBCTq7qSXjmRCGE1N/qsPf6J2kaKlQEhz62ATOUqQWFdh7O1Ic4JXIh/1OtUuAobmf1bJnNc0Db//wNCXWhdO15Skmbz5lFMygcSkHc=,jdDt270t0fniy2BugWKBrSJRP9BKDIsDtEtspBvC5ZsgIrvcofW3jkvpaWQL7nUnN4zOmPAlB5EowAqMJA2tuQ==,yBmilgm1XmQYu6WIhKJLVbM5Ychph1a2AzejiLY3x74=,qQBermGdzI+vJHG4zrbjXqliyNknC0svxWHlN7UPl7gGPaKV5M/Ugv9UyC6gjxE8AyI01ICWs3uzEqF3uRE8KA==,OR4cr+lVilnUMdnP0pqCxNBxwsBctmz4D8THDY072d9NbXepcVKvzQ2PsFwRyk8lsp78sAPepHBImUk/Qf0Tfw==,Ky1JGcG3Fcdpe88BxgjGKHfVu8YTNZOx3CLiIX9kE8MgIrvcofW3jkvpaWQL7nUn3dWI9CxIPCCbYasZlfOe/Q==",
      "x-wix-request-id": "1790956864.1865883014211458",
      "set-cookie": [
        "XSRF-TOKEN=1790956864|lzeHFwKGx_4b; Path=/; Domain=.wix.com; Secure; SameSite=None"
      ],
      "x-robots-tag": "noindex",
      "server": "Pepyaka",
      "x-content-type-options": "nosniff",
      "strict-transport-security": "max-age=120 ; includeSubDomains",
      "via": "1.1 google",
      "glb-x-seen-by": "wMMTADooq5AJ3cFomJ/MuXOQWGce7NCZXKms1ErOpBs=",
      "alt-svc": "h3=\":443\"; ma=2592000"
    },
    "data": {
      "error": "access_denied"
    }
  }
}
----- CLI crash report at 2026-10-02T16:01:14.252Z
Error Trace
FailedToRenewAuthToken: FailedToRenewAuthToken
    at AuthClient.renewToken (/Users/zairachrista/.npm/_npx/75dcc8e0e5613276/node_modules/@wix/cli-auth/src/client.ts:191:13)
    at process.processTicksAndRejections (node:internal/process/task_queues:104:5)
    at async renewSiteAuth (/Users/zairachrista/.npm/_npx/75dcc8e0e5613276/node_modules/@wix/cli-auth/src/auth-strategies/site-auth-strategy.ts:19:28)
    at async Object.<anonymous> (/Users/zairachrista/.npm/_npx/75dcc8e0e5613276/node_modules/@wix/cli-auth/src/auth-strategies/site-auth-strategy.ts:48:32)
    at async isLoggedIn (/Users/zairachrista/.npm/_npx/75dcc8e0e5613276/node_modules/@wix/cli-auth/src/auth-strategies/site-auth-strategy.ts:120:30)
caused by: Error: Request failed with status code 400
    at createHttpError (/Users/zairachrista/.npm/_npx/75dcc8e0e5613276/node_modules/node_modules/@wix/http-client/src/error.ts:54:10)
    at HttpClientNode.handleRequestError (/Users/zairachrista/.npm/_npx/75dcc8e0e5613276/node_modules/node_modules/@wix/http-client/src/http-client.ts:268:26)
    at HttpClientNode.request (/Users/zairachrista/.npm/_npx/75dcc8e0e5613276/node_modules/node_modules/@wix/http-client/src/http-client.ts:105:12)
    at process.processTicksAndRejections (node:internal/process/task_queues:104:5)
    at async RetryOperation._fn (/Users/zairachrista/.npm/_npx/75dcc8e0e5613276/node_modules/node_modules/p-retry/index.js:55:20)
Error Info
{}
Request Info
{
  "request": {
    "baseURL": "https://manage.wix.com",
    "url": "/oauth2/token",
    "method": "post",
    "headers": {
      "Accept": "application/json, text/plain, */*",
      "Content-Type": "application/json",
      "X-XSRF-TOKEN": "nocheck",
      "Cookie": "XSRF-TOKEN=nocheck",
      "User-Agent": "wix-cli",
      "Content-Length": 351
    },
    "data": "{\"clientId\":\"6f95cec8-3e98-48b9-b4e5-1fb92fcd9973\",\"grantType\":\"refresh_token\",\"refreshToken\":\"JWS.eyJraWQiOiJZSEJzdUpwSCIsImFsZyI6IkhTMjU2In0.eyJkYXRhIjoiXCIwNGQwNWZiMC05NTc0LTRiMDYtOTYyMS1lNDIxYmJmZTZiZDhcIiIsImlhdCI6MTc5MDk1NjgxOCwiZXhwIjoxODIyNDkyODE4fQ.6TiVnGC0cS7fLgf4ASsS6HY7-ZW62BEQGdMM1576ITk\",\"siteId\":\"5406b592-edea-4243-8ac5-487a3fc4a1fe\"}"
  },
  "response": {
    "message": "Request failed with status code 400",
    "status": 400,
    "headers": {
      "date": "Fri, 02 Oct 2026 16:01:14 GMT",
      "content-type": "application/json;charset=UTF-8",
      "content-length": "25",
      "x-wix-responded-by": "wix.identity.oauth.v1.refresh_token:Token:com.wixpress.identity.oauth2.oauth2-ng",
      "x-seen-by": "7U7NzZSqfMgd9YnjHLtUa7xkNjrXdwdgtu6E0yACibU=,Ua1iSBCTq7qSXjmRCGE1N6WBkJOq9vTktPl5XUI1sOr1CSOUNqYXuLalk9dkCpS4Mqw+fxSbdfKCAI9dZrncbmxAyh+v2yJIUNIPBGG81rM=,jdDt270t0fniy2BugWKBrdASUdeWhZNodQ5j2XnizU8gIrvcofW3jkvpaWQL7nUnqvDWrB/8i68Vs6Sk92rmSg==,yBmilgm1XmQYu6WIhKJLVbM5Ychph1a2AzejiLY3x74=,qQBermGdzI+vJHG4zrbjXg756pAwcQbEPb82DvVcWqIGPaKV5M/Ugv9UyC6gjxE88BetCkDh/apgOVsl52cZvA==,OR4cr+lVilnUMdnP0pqCxFXgP9lN7RqVBnJqGm8vgSxNbXepcVKvzQ2PsFwRyk8lC4cdABdkpVRT1SvCIxjdkA==,Ky1JGcG3Fcdpe88BxgjGKGXg4FW/rq5I8Ep9NEQl5bYgIrvcofW3jkvpaWQL7nUnIq5aRyVByeLM7R2IJVIqag==",
      "x-wix-request-id": "1790956874.1205744729921451",
      "set-cookie": [
        "XSRF-TOKEN=1790956874|gihrSOzuJLkY; Path=/; Domain=.wix.com; Secure; SameSite=None"
      ],
      "x-robots-tag": "noindex",
      "server": "Pepyaka",
      "x-content-type-options": "nosniff",
      "strict-transport-security": "max-age=120 ; includeSubDomains",
      "via": "1.1 google",
      "glb-x-seen-by": "wMMTADooq5AJ3cFomJ/MuXOQWGce7NCZXKms1ErOpBs=",
      "alt-svc": "h3=\":443\"; ma=2592000"
    },
    "data": {
      "error": "access_denied"
    }
  }
}
----- CLI crash report at 2026-10-02T16:01:55.461Z
Error Trace
NonInteractiveTerminal: NonInteractiveTerminal
    at ErrorBoundary.componentDidCatch (/Users/zairachrista/.npm/_npx/75dcc8e0e5613276/node_modules/@wix/cli-ui-kit/src/renderer.tsx:30:9)
    at ErrorBoundary.Mf.f.componentDidCatch.c.callback (/Users/zairachrista/.npm/_npx/75dcc8e0e5613276/node_modules/node_modules/react-reconciler/cjs/react-reconciler.production.min.js:104:368)
    at ce (/Users/zairachrista/.npm/_npx/75dcc8e0e5613276/node_modules/node_modules/react-reconciler/cjs/react-reconciler.production.min.js:59:189)
    at hh (/Users/zairachrista/.npm/_npx/75dcc8e0e5613276/node_modules/node_modules/react-reconciler/cjs/react-reconciler.production.min.js:166:422)
    at fh (/Users/zairachrista/.npm/_npx/75dcc8e0e5613276/node_modules/node_modules/react-reconciler/cjs/react-reconciler.production.min.js:165:446)
    at eh (/Users/zairachrista/.npm/_npx/75dcc8e0e5613276/node_modules/node_modules/react-reconciler/cjs/react-reconciler.production.min.js:164:480)
    at ci (/Users/zairachrista/.npm/_npx/75dcc8e0e5613276/node_modules/node_modules/react-reconciler/cjs/react-reconciler.production.min.js:192:84)
    at Xh (/Users/zairachrista/.npm/_npx/75dcc8e0e5613276/node_modules/node_modules/react-reconciler/cjs/react-reconciler.production.min.js:190:396)
    at Mh (/Users/zairachrista/.npm/_npx/75dcc8e0e5613276/node_modules/node_modules/react-reconciler/cjs/react-reconciler.production.min.js:182:439)
    at ad (/Users/zairachrista/.npm/_npx/75dcc8e0e5613276/node_modules/node_modules/react-reconciler/cjs/react-reconciler.production.min.js:41:105)
caused by: Error: Raw mode is not supported on the current process.stdin, which Ink uses as input stream by default.
Read about how to prevent this error on https://github.com/vadimdemedes/ink/#israwmodesupported
    at value (/Users/zairachrista/.npm/_npx/75dcc8e0e5613276/node_modules/node_modules/ink/src/components/App.tsx:146:11)
    at <anonymous> (/Users/zairachrista/.npm/_npx/75dcc8e0e5613276/node_modules/node_modules/ink/src/hooks/use-input.ts:127:3)
    at Og (/Users/zairachrista/.npm/_npx/75dcc8e0e5613276/node_modules/node_modules/react-reconciler/cjs/react-reconciler.production.min.js:151:471)
    at Ph (/Users/zairachrista/.npm/_npx/75dcc8e0e5613276/node_modules/node_modules/react-reconciler/cjs/react-reconciler.production.min.js:195:111)
    at <anonymous> (/Users/zairachrista/.npm/_npx/75dcc8e0e5613276/node_modules/node_modules/react-reconciler/cjs/react-reconciler.production.min.js:191:391)
    at J (/Users/zairachrista/.npm/_npx/75dcc8e0e5613276/node_modules/node_modules/scheduler/cjs/scheduler.production.min.js:13:203)
    at Immediate.R (/Users/zairachrista/.npm/_npx/75dcc8e0e5613276/node_modules/node_modules/scheduler/cjs/scheduler.production.min.js:14:128)
    at process.processImmediate (node:internal/timers:504:21)
Error Info
{}
----- CLI crash report at 2026-10-02T16:02:02.422Z
Error Trace
NonInteractiveTerminal: NonInteractiveTerminal
    at ErrorBoundary.componentDidCatch (/Users/zairachrista/.npm/_npx/75dcc8e0e5613276/node_modules/@wix/cli-ui-kit/src/renderer.tsx:30:9)
    at ErrorBoundary.Mf.f.componentDidCatch.c.callback (/Users/zairachrista/.npm/_npx/75dcc8e0e5613276/node_modules/node_modules/react-reconciler/cjs/react-reconciler.production.min.js:104:368)
    at ce (/Users/zairachrista/.npm/_npx/75dcc8e0e5613276/node_modules/node_modules/react-reconciler/cjs/react-reconciler.production.min.js:59:189)
    at hh (/Users/zairachrista/.npm/_npx/75dcc8e0e5613276/node_modules/node_modules/react-reconciler/cjs/react-reconciler.production.min.js:166:422)
    at fh (/Users/zairachrista/.npm/_npx/75dcc8e0e5613276/node_modules/node_modules/react-reconciler/cjs/react-reconciler.production.min.js:165:446)
    at eh (/Users/zairachrista/.npm/_npx/75dcc8e0e5613276/node_modules/node_modules/react-reconciler/cjs/react-reconciler.production.min.js:164:480)
    at ci (/Users/zairachrista/.npm/_npx/75dcc8e0e5613276/node_modules/node_modules/react-reconciler/cjs/react-reconciler.production.min.js:192:84)
    at Xh (/Users/zairachrista/.npm/_npx/75dcc8e0e5613276/node_modules/node_modules/react-reconciler/cjs/react-reconciler.production.min.js:190:396)
    at Mh (/Users/zairachrista/.npm/_npx/75dcc8e0e5613276/node_modules/node_modules/react-reconciler/cjs/react-reconciler.production.min.js:182:439)
    at ad (/Users/zairachrista/.npm/_npx/75dcc8e0e5613276/node_modules/node_modules/react-reconciler/cjs/react-reconciler.production.min.js:41:105)
caused by: Error: Raw mode is not supported on the current process.stdin, which Ink uses as input stream by default.
Read about how to prevent this error on https://github.com/vadimdemedes/ink/#israwmodesupported
    at value (/Users/zairachrista/.npm/_npx/75dcc8e0e5613276/node_modules/node_modules/ink/src/components/App.tsx:146:11)
    at <anonymous> (/Users/zairachrista/.npm/_npx/75dcc8e0e5613276/node_modules/node_modules/ink/src/hooks/use-input.ts:127:3)
    at Og (/Users/zairachrista/.npm/_npx/75dcc8e0e5613276/node_modules/node_modules/react-reconciler/cjs/react-reconciler.production.min.js:151:471)
    at Ph (/Users/zairachrista/.npm/_npx/75dcc8e0e5613276/node_modules/node_modules/react-reconciler/cjs/react-reconciler.production.min.js:195:111)
    at <anonymous> (/Users/zairachrista/.npm/_npx/75dcc8e0e5613276/node_modules/node_modules/react-reconciler/cjs/react-reconciler.production.min.js:191:391)
    at J (/Users/zairachrista/.npm/_npx/75dcc8e0e5613276/node_modules/node_modules/scheduler/cjs/scheduler.production.min.js:13:203)
    at Immediate.R (/Users/zairachrista/.npm/_npx/75dcc8e0e5613276/node_modules/node_modules/scheduler/cjs/scheduler.production.min.js:14:128)
    at process.processImmediate (node:internal/timers:504:21)
Error Info
{}
----- CLI crash report at 2026-10-02T16:02:48.398Z
Error Trace
LoginRequired: LoginRequired
    at <anonymous> (/Users/zairachrista/.npm/_npx/75dcc8e0e5613276/node_modules/@wix/cli/src/commands/whoami.tsx:18:17)
    at runCommand (/Users/zairachrista/.npm/_npx/75dcc8e0e5613276/node_modules/@wix/cli/src/commands/render-command.tsx:57:11)
    at _Command.<anonymous> (/Users/zairachrista/.npm/_npx/75dcc8e0e5613276/node_modules/@wix/cli/src/commands/whoami.tsx:17:15)
    at async _Command.parseAsync (/Users/zairachrista/.npm/_npx/75dcc8e0e5613276/node_modules/node_modules/commander/lib/command.js:1104:5)
    at async <anonymous> (/Users/zairachrista/.npm/_npx/75dcc8e0e5613276/node_modules/@wix/cli/src/index.tsx:119:25)
Error Info
{}
